Testing MKI$ and CVI
I$ len: 2 
CVI(I$): 16961 
Byte 1: 65 
Byte 2: 66 
CVI with CHR$:-254 
MKI$(-254) Byte 1: 2 
MKI$(-254) Byte 2: 255 
Testing MKS$ and CVS
S$ len: 4 
CVS(S$):-123.45 
S$ Byte 1: 102 
S$ Byte 2: 230 
S$ Byte 3: 246 
S$ Byte 4: 194 
Testing MKD$ and CVD
D$ len: 8 
CVD(D$): 0.3 
D$ Byte 1: 51 
D$ Byte 2: 51 
D$ Byte 3: 51 
D$ Byte 4: 51 
D$ Byte 5: 51 
D$ Byte 6: 51 
D$ Byte 7: 211 
D$ Byte 8: 63 
Testing with RANDOM file and FIELD
CVI(FI$): 16961 
CVS(FS$):-123.45 
CVD(FD$): 0.3 
Deleted
